Part B sections: 229
   • [Anatomy] 01-Neuroanatomy | parsed 61 | idx 0 | missing: [] | extra: [2, 3, 4] | no-ans: [2]
   • [Anatomy] 02-Head-Neck | parsed 37 | idx 0 | missing: [] | extra: [3, 4, 5] | no-ans: []
   • [Anatomy] 03-Embryology | parsed 38 | idx 0 | missing: [] | extra: [2, 3, 4] | no-ans: [2]
   • [Anatomy] 04-Thorax | parsed 29 | idx 0 | missing: [] | extra: [3, 4, 5] | no-ans: []
   • [Anatomy] 05-Upper-Limb | parsed 20 | idx 0 | missing: [] | extra: [2, 3, 4] | no-ans: [2]
   • [Anatomy] 06-Abdomen-Pelvis | parsed 20 | idx 0 | missing: [] | extra: [3, 4, 5] | no-ans: [1]
   • [Anatomy] 07-Lower-Limb | parsed 32 | idx 0 | missing: [] | extra: [2, 3, 4] | no-ans: [1]
   • [Anatomy] 08-Histology-Osteology | parsed 27 | idx 0 | missing: [] | extra: [2, 3, 4] | no-ans: []
   • [Anatomy] 09-Cadaveric-Sections | parsed 2 | idx 0 | missing: [] | extra: [2, 1] | no-ans: [1]
   • [Anatomy] 10-Pyqs | parsed 134 | idx 0 | missing: [] | extra: [2, 3, 4] | no-ans: [2]
   • [Anesthesia] 01-Airway-Other-Instruments | parsed 36 | idx 0 | missing: [] | extra: [3, 4, 5] | no-ans: []
   • [Anesthesia] 02-Pharmacology-In-Anaesthesia | parsed 34 | idx 0 | missing: [] | extra: [2, 3, 4] | no-ans: [2]
   • [Anesthesia] 03-Regional-Anaesthesia-Capnography | parsed 17 | idx 0 | missing: [] | extra: [3, 4, 5] | no-ans: [2]
   • [Anesthesia] 04-Pre-Op-Assessment | parsed 13 | idx 0 | missing: [] | extra: [3, 4, 5] | no-ans: [2]
   • [Anesthesia] 05-Mechanical-Ventilation | parsed 9 | idx 0 | missing: [] | extra: [3, 4, 5] | no-ans: [2]
   • [Anesthesia] 06-Bls-Acls-Nrp | parsed 10 | idx 0 | missing: [] | extra: [3, 4, 5] | no-ans: [2]
   • [Anesthesia] 07-Pyqs | parsed 47 | idx 0 | missing: [] | extra: [3, 4, 5] | no-ans: [2]
   • [Biochemistry] 01-Basics-Of-Metabolism | parsed 25 | idx 0 | missing: [] | extra: [3, 4, 5] | no-ans: []
   • [Biochemistry] 02-Carbohydrate-Metabolism-Disorders | parsed 47 | idx 0 | missing: [] | extra: [2, 3, 4] | no-ans: []
   • [Biochemistry] 03-Lipid-Metabolism-Disorders | parsed 27 | idx 0 | missing: [] | extra: [2, 3, 4] | no-ans: []
   • [Biochemistry] 04-Protein-Metabolism-Disorders | parsed 27 | idx 0 | missing: [] | extra: [2, 3, 4] | no-ans: [2]
   • [Biochemistry] 05-Minerals | parsed 20 | idx 0 | missing: [] | extra: [3, 4, 5] | no-ans: []
   • [Biochemistry] 06-Enzyme-Kinetics | parsed 15 | idx 0 | missing: [] | extra: [2, 3, 4] | no-ans: []
   • [Biochemistry] 07-Vitamins | parsed 44 | idx 0 | missing: [] | extra: [2, 3, 4] | no-ans: []
   • [Biochemistry] 08-Molecular-Biology | parsed 71 | idx 0 | missing: [] | extra: [2, 3, 4] | no-ans: [1]
   • [Biochemistry] 09-Pyqs | parsed 144 | idx 0 | missing: [] | extra: [2, 3, 4] | no-ans: [1]
   • [Cardiovascular System] 01-Arrhythmias-Ecg | parsed 46 | idx 0 | missing: [] | extra: [2, 3, 4] | no-ans: []
   • [Cardiovascular System] 02-Acute-Coronary-Syndrome-Mi | parsed 19 | idx 0 | missing: [] | extra: [2, 3, 4] | no-ans: [2]
   • [Cardiovascular System] 03-Jvp-Pulse | parsed 16 | idx 0 | missing: [] | extra: [3, 4, 5] | no-ans: [2]
   • [Cardiovascular System] 04-Heart-Sounds-Murmurs | parsed 19 | idx 0 | missing: [] | extra: [3, 4, 5] | no-ans: [1]
   • [Cardiovascular System] 05-Cvs-Graphs-Physiology | parsed 22 | idx 0 | missing: [] | extra: [2, 3, 4] | no-ans: [1]
   • [Cardiovascular System] 06-Chf | parsed 23 | idx 0 | missing: [] | extra: [2, 3, 4] | no-ans: [2]
   • [Cardiovascular System] 07-Cardiomyopathy-Arf | parsed 24 | idx 0 | missing: [] | extra: [3, 4, 5] | no-ans: [2]
   • [Cardiovascular System] 08-Dyslipidaemia | parsed 9 | idx 0 | missing: [] | extra: [3, 4, 5] | no-ans: [2]
   • [Cardiovascular System] 09-Hypertension | parsed 16 | idx 0 | missing: [] | extra: [3, 4, 5] | no-ans: [1]
   • [Cardiovascular System] 10-Pyqs | parsed 101 | idx 0 | missing: [] | extra: [2, 3, 4] | no-ans: []
   • [Dermatology] 01-Basics-Of-Skin | parsed 9 | idx 0 | missing: [] | extra: [2, 3, 4] | no-ans: []
   • [Dermatology] 02-Papulosquamous-Disorders | parsed 6 | idx 0 | missing: [] | extra: [2, 3, 4] | no-ans: [1]
   • [Dermatology] 03-Infections-Including-Leprosy | parsed 35 | idx 0 | missing: [] | extra: [2, 3, 4] | no-ans: []
   • [Dermatology] 04-Alopecia | parsed 7 | idx 0 | missing: [] | extra: [2, 3, 4] | no-ans: [1]
   • [Dermatology] 05-Sti | parsed 21 | idx 0 | missing: [] | extra: [2, 3, 4] | no-ans: []
   • [Dermatology] 06-Vesiculobullous-Disorders | parsed 11 | idx 0 | missing: [] | extra: [2, 3, 4] | no-ans: [2]
   • [Dermatology] 07-Dermatitis-Acne | parsed 20 | idx 0 | missing: [] | extra: [3, 4, 5] | no-ans: [2]
   • [Dermatology] 08-Pigmentation-Disorders | parsed 8 | idx 0 | missing: [] | extra: [3, 4, 5] | no-ans: []
   • [Dermatology] 09-Skin-Malignancies | parsed 12 | idx 0 | missing: [] | extra: [2, 3, 4] | no-ans: []
   • [Dermatology] 10-Miscellaneous | parsed 17 | idx 0 | missing: [] | extra: [2, 3, 4] | no-ans: [1]
   • [Dermatology] 11-Pyqs | parsed 72 | idx 0 | missing: [] | extra: [2, 3, 4] | no-ans: [2]
   • [Endocrine] 01-Diabetes | parsed 23 | idx 0 | missing: [] | extra: [3, 4, 5] | no-ans: [2]
   • [Endocrine] 02-Pituitary-Disorders | parsed 28 | idx 0 | missing: [] | extra: [3, 4, 5] | no-ans: []
   • [Endocrine] 03-Adrenal-Disorders-Carcinoid | parsed 33 | idx 0 | missing: [] | extra: [2, 3, 4] | no-ans: [2]
   • [Endocrine] 04-Thyroid-Disorders | parsed 12 | idx 0 | missing: [] | extra: [3, 4, 5] | no-ans: []
   • [Endocrine] 05-Parathyroid-Disorders | parsed 10 | idx 0 | missing: [] | extra: [2, 3, 4] | no-ans: []
   • [Endocrine] 06-Pyqs | parsed 64 | idx 0 | missing: [] | extra: [2, 3, 4] | no-ans: []
   • [ENT] 01-Ear-Anatomy | parsed 13 | idx 0 | missing: [] | extra: [2, 3, 4] | no-ans: []
   • [ENT] 02-Pathologies-Of-The-Ear | parsed 62 | idx 0 | missing: [] | extra: [2, 3, 4] | no-ans: []
   • [ENT] 03-Facial-Nerve | parsed 8 | idx 0 | missing: [] | extra: [2, 3, 4] | no-ans: [2]
   • [ENT] 04-Paranasal-Sinuses-Nose | parsed 41 | idx 0 | missing: [] | extra: [3, 4, 5] | no-ans: []
   • [ENT] 05-Ent-Trauma | parsed 7 | idx 0 | missing: [] | extra: [2, 3, 4] | no-ans: []
   • [ENT] 06-Infections-Tonsils | parsed 7 | idx 0 | missing: [] | extra: [2, 3, 4] | no-ans: [2]
   • [ENT] 07-Head-Neck-Spaces | parsed 7 | idx 0 | missing: [] | extra: [3, 4, 5] | no-ans: [2]
   • [ENT] 08-Larynx-Vocal-Cord-Palsy | parsed 31 | idx 0 | missing: [] | extra: [3, 4, 5] | no-ans: [2]
   • [ENT] 09-Oral-Cavity-Salivary-Glands | parsed 10 | idx 0 | missing: [] | extra: [3, 4, 5] | no-ans: []
   • [ENT] 10-Pyqs | parsed 87 | idx 0 | missing: [] | extra: [2, 3, 4] | no-ans: [2]
   • [Forensic Medicine & Toxicology] 01-Injuries | parsed 14 | idx 0 | missing: [] | extra: [3, 4, 5] | no-ans: []
   • [Forensic Medicine & Toxicology] 02-Ballistics | parsed 9 | idx 0 | missing: [] | extra: [2, 3, 4] | no-ans: [2]
   • [Forensic Medicine & Toxicology] 03-Asphyxia | parsed 10 | idx 0 | missing: [] | extra: [3, 4, 5] | no-ans: [2]
   • [Forensic Medicine & Toxicology] 04-Thanatology-Autopsy | parsed 22 | idx 0 | missing: [] | extra: [3, 4, 5] | no-ans: [2]
   • [Forensic Medicine & Toxicology] 05-Medical-Law | parsed 31 | idx 0 | missing: [] | extra: [3, 4, 5] | no-ans: [2]
   • [Forensic Medicine & Toxicology] 06-Sexual-Offences | parsed 9 | idx 0 | missing: [] | extra: [3, 4, 5] | no-ans: []
   • [Forensic Medicine & Toxicology] 07-Human-Identification | parsed 18 | idx 0 | missing: [] | extra: [2, 3, 4] | no-ans: []
   • [Forensic Medicine & Toxicology] 08-Toxicology | parsed 70 | idx 0 | missing: [] | extra: [2, 3, 4] | no-ans: []
   • [Forensic Medicine & Toxicology] 09-Stroke | parsed 1 | idx 101 | missing: [2, 3, 4, 5, 6] | extra: [] | no-ans: []
   • [Forensic Medicine & Toxicology] 10-Pyqs | parsed 101 | idx 0 | missing: [] | extra: [2, 3, 4] | no-ans: [2]
   • [General Pathology] 01-Cell-Injury | parsed 21 | idx 0 | missing: [] | extra: [3, 4, 5] | no-ans: [2]
   • [General Pathology] 02-Miscellaneous-Pathology | parsed 32 | idx 0 | missing: [] | extra: [3, 4, 5] | no-ans: [2]
   • [General Pathology] 03-Neoplasia | parsed 21 | idx 0 | missing: [] | extra: [3, 4, 5] | no-ans: [2]
   • [General Pathology] 04-Pyqs | parsed 34 | idx 0 | missing: [] | extra: [3, 4, 5] | no-ans: []
   • [General Pharmacology] 01-General-Pharmacology | parsed 36 | idx 0 | missing: [] | extra: [2, 3, 4] | no-ans: []
   • [General Pharmacology] 02-Ans | parsed 30 | idx 0 | missing: [] | extra: [2, 3, 4] | no-ans: []
   • [General Pharmacology] 03-Anticancer-Drugs | parsed 11 | idx 0 | missing: [] | extra: [2, 3, 4] | no-ans: []
   • [General Pharmacology] 04-Pyqs | parsed 37 | idx 0 | missing: [] | extra: [2, 3, 4] | no-ans: []
   • [General Physiology] 01-Body-Fluid-Compartments | parsed 6 | idx 0 | missing: [] | extra: [2, 3, 4] | no-ans: []
   • [General Physiology] 02-Nerve-Muscle-Physiology | parsed 27 | idx 0 | missing: [] | extra: [2, 3, 4] | no-ans: []
   • [General Physiology] 03-Basics-Of-Cell-Cytoskeleton | parsed 10 | idx 0 | missing: [] | extra: [2, 3, 4] | no-ans: [2]
   • [General Physiology] 04-Exercise-Physiology | parsed 2 | idx 0 | missing: [] | extra: [3, 1] | no-ans: []
   • [General Physiology] 05-Miscellaneous | parsed 13 | idx 0 | missing: [] | extra: [2, 3, 4] | no-ans: []
   • [General Physiology] 06-Pyqs | parsed 24 | idx 0 | missing: [] | extra: [2, 3, 4] | no-ans: []
   • [GI & Hepatobiliary System] 01-Gi-Physiology | parsed 7 | idx 0 | missing: [] | extra: [2, 3, 4] | no-ans: [2]
   • [GI & Hepatobiliary System] 02-Gi-Pharmacology | parsed 9 | idx 0 | missing: [] | extra: [3, 4, 5] | no-ans: [2]
   • [GI & Hepatobiliary System] 03-Ascites-Chronic-Diarrhoea | parsed 16 | idx 0 | missing: [] | extra: [3, 4, 5] | no-ans: [2]
   • [GI & Hepatobiliary System] 04-Polyps-Syndromes | parsed 8 | idx 0 | missing: [] | extra: [3, 4, 5] | no-ans: []
   • [GI & Hepatobiliary System] 05-Ibd | parsed 11 | idx 0 | missing: [] | extra: [3, 4, 5] | no-ans: [2]
   • [GI & Hepatobiliary System] 06-Liver-Diseases | parsed 16 | idx 0 | missing: [] | extra: [3, 4, 5] | no-ans: [1]
   • [GI & Hepatobiliary System] 07-Viral-Hepatitis | parsed 14 | idx 0 | missing: [] | extra: [2, 3, 4] | no-ans: [1]
   • [GI & Hepatobiliary System] 08-Pyqs | parsed 42 | idx 0 | missing: [] | extra: [2, 3, 4] | no-ans: []
   • [Hematology] 01-Rbc-Disorders | parsed 60 | idx 0 | missing: [] | extra: [2, 3, 4] | no-ans: []
   • [Hematology] 02-Wbc-Disorders | parsed 52 | idx 0 | missing: [] | extra: [2, 3, 4] | no-ans: []
   • [Hematology] 03-Platelet-Coagulation-Disorders | parsed 37 | idx 0 | missing: [] | extra: [2, 3, 4] | no-ans: [2]
   • [Hematology] 04-Transfusion-Medicine | parsed 12 | idx 0 | missing: [] | extra: [3, 4, 5] | no-ans: []
   • [Hematology] 05-Pyqs | parsed 87 | idx 0 | missing: [] | extra: [2, 3, 4] | no-ans: []
   • [Immunology] 01-Basics-Of-Immunology | parsed 27 | idx 0 | missing: [] | extra: [3, 4, 5] | no-ans: [2]
   • [Immunology] 02-Immunodeficiency-Disorders | parsed 14 | idx 0 | missing: [] | extra: [3, 4, 5] | no-ans: []
   • [Immunology] 03-Transplant-Immunology | parsed 5 | idx 0 | missing: [] | extra: [2, 3, 4] | no-ans: []
   • [Immunology] 04-Pyqs | parsed 16 | idx 0 | missing: [] | extra: [3, 4, 5] | no-ans: []
   • [Microbiology] 01-Bacteriology | parsed 95 | idx 0 | missing: [] | extra: [2, 3, 4] | no-ans: []
   • [Microbiology] 02-Antimicrobials | parsed 16 | idx 0 | missing: [] | extra: [2, 3, 4] | no-ans: [2]
   • [Microbiology] 03-Tuberculosis-Att | parsed 21 | idx 0 | missing: [] | extra: [3, 4, 5] | no-ans: [2]
   • [Microbiology] 04-Vector-Borne-Diseases | parsed 21 | idx 0 | missing: [] | extra: [3, 4, 5] | no-ans: []
   • [Microbiology] 05-Mycology | parsed 40 | idx 0 | missing: [] | extra: [2, 3, 4] | no-ans: [1]
   • [Microbiology] 06-Virology | parsed 46 | idx 0 | missing: [] | extra: [2, 3, 4] | no-ans: [2]
   • [Microbiology] 07-Hiv-Art | parsed 15 | idx 0 | missing: [] | extra: [3, 4, 5] | no-ans: []
   • [Microbiology] 08-Parasitology | parsed 60 | idx 0 | missing: [] | extra: [2, 3, 4] | no-ans: [2]
   • [Microbiology] 09-General-Microbiology-Sterilisation | parsed 22 | idx 0 | missing: [] | extra: [3, 4, 5] | no-ans: []
   • [Microbiology] 10-Pyqs | parsed 181 | idx 0 | missing: [] | extra: [1, 2, 3] | no-ans: [2]
   • [Neurology] 01-Sensory-Receptors-Nerve-Fibres | parsed 8 | idx 0 | missing: [] | extra: [3, 4, 5] | no-ans: []
   • [Neurology] 02-Hypothalamus-Thalamus-Memory | parsed 12 | idx 0 | missing: [] | extra: [2, 3, 4] | no-ans: [2]
   • [Neurology] 03-Basal-Ganglia-Movement-Disorders | parsed 11 | idx 0 | missing: [] | extra: [3, 4, 5] | no-ans: [2]
   • [Neurology] 04-Dementia-Headache | parsed 24 | idx 0 | missing: [] | extra: [3, 4, 5] | no-ans: [2]
   • [Neurology] 05-Meningitis-Demyelinating-Disorders | parsed 18 | idx 0 | missing: [] | extra: [3, 4, 5] | no-ans: [2]
   • [Neurology] 06-Spinal-Cord-Lesions | parsed 19 | idx 0 | missing: [] | extra: [3, 4, 5] | no-ans: []
   • [Neurology] 07-Stroke | parsed 21 | idx 0 | missing: [] | extra: [2, 3, 4] | no-ans: []
   • [Neurology] 08-Seizures | parsed 19 | idx 0 | missing: [] | extra: [2, 3, 4] | no-ans: []
   • [Neurology] 09-Pyqs | parsed 71 | idx 0 | missing: [] | extra: [2, 3, 4] | no-ans: [2]
   • [Obstetrics & Gynaecology] 01-Anatomy-Prolapse | parsed 15 | idx 0 | missing: [] | extra: [3, 4, 5] | no-ans: []
   • [Obstetrics & Gynaecology] 02-Menstrual-Physiology | parsed 8 | idx 0 | missing: [] | extra: [2, 3, 4] | no-ans: []
   • [Obstetrics & Gynaecology] 03-M-Llerian-Anomalies-Infertility | parsed 26 | idx 0 | missing: [] | extra: [2, 3, 4] | no-ans: []
   • [Obstetrics & Gynaecology] 04-Amenorrhoea-Dsd | parsed 15 | idx 0 | missing: [] | extra: [2, 3, 4] | no-ans: [2]
   • [Obstetrics & Gynaecology] 05-Aub | parsed 17 | idx 0 | missing: [] | extra: [3, 4, 5] | no-ans: []
   • [Obstetrics & Gynaecology] 06-Endometriosis-Pcos | parsed 14 | idx 0 | missing: [] | extra: [2, 3, 4] | no-ans: [2]
   • [Obstetrics & Gynaecology] 07-Urogynaecology | parsed 5 | idx 0 | missing: [] | extra: [3, 4, 5] | no-ans: []
   • [Obstetrics & Gynaecology] 08-Gynaecological-Oncology | parsed 48 | idx 0 | missing: [] | extra: [2, 3, 4] | no-ans: []
   • [Obstetrics & Gynaecology] 09-Contraception | parsed 22 | idx 0 | missing: [] | extra: [2, 3, 4] | no-ans: [2]
   • [Obstetrics & Gynaecology] 10-Basics-Of-Obstetrics | parsed 35 | idx 0 | missing: [] | extra: [3, 4, 5] | no-ans: []
   • [Obstetrics & Gynaecology] 11-Early-Pregnancy-Complications | parsed 20 | idx 0 | missing: [] | extra: [2, 3, 4] | no-ans: [1]
   • [Obstetrics & Gynaecology] 12-Medical-Diseases-In-Pregnancy | parsed 38 | idx 0 | missing: [] | extra: [2, 3, 4] | no-ans: []
   • [Obstetrics & Gynaecology] 13-Twin-Pregnancy | parsed 6 | idx 0 | missing: [] | extra: [2, 3, 4] | no-ans: [2]
   • [Obstetrics & Gynaecology] 14-Rh-Isoimmunisation | parsed 6 | idx 0 | missing: [] | extra: [3, 4, 5] | no-ans: [2]
   • [Obstetrics & Gynaecology] 15-Iugr | parsed 3 | idx 0 | missing: [] | extra: [3, 1, 2] | no-ans: [2]
   • [Obstetrics & Gynaecology] 16-Placenta-Antepartum-Haemorrhage | parsed 15 | idx 0 | missing: [] | extra: [3, 4, 5] | no-ans: []
   • [Obstetrics & Gynaecology] 17-Foetal-Monitoring | parsed 12 | idx 0 | missing: [] | extra: [2, 3, 4] | no-ans: [2]
   • [Obstetrics & Gynaecology] 18-Pelvis-Skull | parsed 9 | idx 0 | missing: [] | extra: [3, 4, 5] | no-ans: []
   • [Obstetrics & Gynaecology] 19-Labour-Its-Complications | parsed 67 | idx 0 | missing: [] | extra: [2, 3, 4] | no-ans: []
   • [Obstetrics & Gynaecology] 20-Pyqs | parsed 217 | idx 25 | missing: [] | extra: [1, 2, 3] | no-ans: [2]
   • [Ophthalmology] 01-Cornea-Sclera | parsed 29 | idx 0 | missing: [] | extra: [3, 4, 5] | no-ans: [2]
   • [Ophthalmology] 02-Lens-Cataract | parsed 20 | idx 0 | missing: [] | extra: [3, 4, 5] | no-ans: [2]
   • [Ophthalmology] 03-Uveitis | parsed 6 | idx 0 | missing: [] | extra: [3, 4, 5] | no-ans: [2]
   • [Ophthalmology] 04-Glaucoma | parsed 17 | idx 0 | missing: [] | extra: [3, 4, 5] | no-ans: [2]
   • [Ophthalmology] 05-Neuro-Ophthalmology | parsed 29 | idx 0 | missing: [] | extra: [3, 4, 5] | no-ans: [2]
   • [Ophthalmology] 06-Retina | parsed 42 | idx 0 | missing: [] | extra: [3, 4, 5] | no-ans: [2]
   • [Ophthalmology] 07-Conjunctiva-Orbit | parsed 33 | idx 0 | missing: [] | extra: [3, 4, 5] | no-ans: [2]
   • [Ophthalmology] 08-Squint | parsed 4 | idx 0 | missing: [] | extra: [3, 4, 5] | no-ans: [1]
   • [Ophthalmology] 09-Refractive-Errors | parsed 16 | idx 0 | missing: [] | extra: [2, 3, 4] | no-ans: [1]
   • [Ophthalmology] 10-Pyqs | parsed 97 | idx 0 | missing: [] | extra: [2, 3, 4] | no-ans: []
   • [Orthopedics] 01-Clinical-Tests | parsed 10 | idx 0 | missing: [] | extra: [2, 3, 4] | no-ans: []
   • [Orthopedics] 02-Nerve-Injuries | parsed 18 | idx 0 | missing: [] | extra: [2, 3, 4] | no-ans: [1]
   • [Orthopedics] 03-Fractures | parsed 48 | idx 0 | missing: [] | extra: [2, 3, 4] | no-ans: []
   • [Orthopedics] 04-Bone-Infections | parsed 11 | idx 0 | missing: [] | extra: [2, 3, 4] | no-ans: []
   • [Orthopedics] 05-Spine-Pathologies-Scoliosis | parsed 14 | idx 0 | missing: [] | extra: [2, 3, 4] | no-ans: []
   • [Orthopedics] 06-Bone-Tumours | parsed 17 | idx 0 | missing: [] | extra: [2, 3, 4] | no-ans: [2]
   • [Orthopedics] 07-Metabolic-Bone-Diseases | parsed 14 | idx 0 | missing: [] | extra: [3, 4, 5] | no-ans: []
   • [Orthopedics] 08-Paediatric-Orthopaedics | parsed 20 | idx 0 | missing: [] | extra: [2, 3, 4] | no-ans: []
   • [Orthopedics] 09-Miscellaneous | parsed 22 | idx 0 | missing: [] | extra: [2, 3, 4] | no-ans: [1]
   • [Orthopedics] 10-Pyqs | parsed 84 | idx 0 | missing: [] | extra: [2, 3, 4] | no-ans: []
   • [Pediatrics] 01-Neonatology | parsed 54 | idx 0 | missing: [] | extra: [2, 3, 4] | no-ans: [2]
   • [Pediatrics] 02-Growth-Nutrition | parsed 33 | idx 0 | missing: [] | extra: [3, 4, 5] | no-ans: []
   • [Pediatrics] 03-Genetics | parsed 21 | idx 0 | missing: [] | extra: [2, 3, 4] | no-ans: [1]
   • [Pediatrics] 04-Congenital-Heart-Diseases | parsed 10 | idx 0 | missing: [] | extra: [2, 3, 4] | no-ans: [2]
   • [Pediatrics] 05-Cystic-Fibrosis-Pneumonia | parsed 12 | idx 0 | missing: [] | extra: [3, 4, 5] | no-ans: [2]
   • [Pediatrics] 06-Paediatric-Gi-Disorders | parsed 17 | idx 0 | missing: [] | extra: [3, 4, 5] | no-ans: [1]
   • [Pediatrics] 07-Miscellaneous | parsed 40 | idx 0 | missing: [] | extra: [2, 3, 4] | no-ans: [2]
   • [Pediatrics] 08-Developmental-Milestones | parsed 8 | idx 0 | missing: [] | extra: [3, 4, 5] | no-ans: []
   • [Pediatrics] 09-Pyqs | parsed 98 | idx 0 | missing: [] | extra: [2, 3, 4] | no-ans: []
   • [Preventive & Social Medicine] 01-Epidemiology | parsed 80 | idx 0 | missing: [] | extra: [2, 3, 4] | no-ans: []
   • [Preventive & Social Medicine] 02-Biostatistics | parsed 64 | idx 0 | missing: [] | extra: [2, 3, 4] | no-ans: [2]
   • [Preventive & Social Medicine] 03-Vaccines | parsed 37 | idx 0 | missing: [] | extra: [3, 4, 5] | no-ans: [2]
   • [Preventive & Social Medicine] 04-Demography | parsed 38 | idx 0 | missing: [] | extra: [3, 4, 5] | no-ans: [2]
   • [Preventive & Social Medicine] 05-Nutrition | parsed 20 | idx 0 | missing: [] | extra: [3, 4, 5] | no-ans: [2]
   • [Preventive & Social Medicine] 06-Health-Programmes | parsed 48 | idx 0 | missing: [] | extra: [3, 4, 5] | no-ans: [2]
   • [Preventive & Social Medicine] 07-Environment | parsed 32 | idx 0 | missing: [] | extra: [3, 4, 5] | no-ans: []
   • [Preventive & Social Medicine] 08-Miscellaneous | parsed 30 | idx 0 | missing: [] | extra: [2, 3, 4] | no-ans: []
   • [Preventive & Social Medicine] 09-Pyqs | parsed 174 | idx 0 | missing: [] | extra: [1, 2, 3] | no-ans: [2]
   • [Psychiatry] 01-Basics-Of-Psychiatry | parsed 26 | idx 0 | missing: [] | extra: [3, 4, 5] | no-ans: []
   • [Psychiatry] 02-Psychotic-Disorders-Antipsychotics | parsed 22 | idx 0 | missing: [] | extra: [2, 3, 4] | no-ans: []
   • [Psychiatry] 03-Mood-Disorders-Antidepressants | parsed 32 | idx 0 | missing: [] | extra: [2, 3, 4] | no-ans: [2]
   • [Psychiatry] 04-Anxiety-Related-Disorders | parsed 18 | idx 0 | missing: [] | extra: [3, 4, 5] | no-ans: [2]
   • [Psychiatry] 05-Childhood-Psychiatry | parsed 13 | idx 0 | missing: [] | extra: [3, 4, 5] | no-ans: []
   • [Psychiatry] 06-Sleep-Related-Disorders | parsed 6 | idx 0 | missing: [] | extra: [2, 3, 4] | no-ans: [2]
   • [Psychiatry] 07-Miscellaneous | parsed 24 | idx 0 | missing: [] | extra: [3, 4, 5] | no-ans: [2]
   • [Psychiatry] 08-Pyqs | parsed 57 | idx 0 | missing: [] | extra: [3, 4, 5] | no-ans: []
   • [Radiology] 01-General-Radiology | parsed 20 | idx 0 | missing: [] | extra: [2, 3, 4] | no-ans: []
   • [Radiology] 02-Gi-Hbp-Radiology | parsed 22 | idx 0 | missing: [] | extra: [2, 3, 4] | no-ans: [1]
   • [Radiology] 03-Gu-Radiology | parsed 18 | idx 0 | missing: [] | extra: [2, 3, 4] | no-ans: [1]
   • [Radiology] 04-Thoracic-Radiology | parsed 39 | idx 0 | missing: [] | extra: [2, 3, 4] | no-ans: [1]
   • [Radiology] 05-Neuroradiology | parsed 38 | idx 0 | missing: [] | extra: [2, 3, 4] | no-ans: [2]
   • [Radiology] 06-Radiotherapy-Nuclear-Medicine | parsed 14 | idx 0 | missing: [] | extra: [3, 4, 5] | no-ans: [1]
   • [Radiology] 07-Pyqs | parsed 66 | idx 0 | missing: [] | extra: [2, 3, 4] | no-ans: []
   • [Renal & Electrolytes] 01-Renal-Physiology-Graphs | parsed 15 | idx 0 | missing: [] | extra: [2, 3, 4] | no-ans: []
   • [Renal & Electrolytes] 02-Renal-Tubules-Diuretics-Tubular-Disorders | parsed 30 | idx 0 | missing: [] | extra: [2, 3, 4] | no-ans: [2]
   • [Renal & Electrolytes] 03-Glomerular-Diseases | parsed 19 | idx 0 | missing: [] | extra: [3, 4, 5] | no-ans: [2]
   • [Renal & Electrolytes] 04-Aki-Ckd | parsed 18 | idx 0 | missing: [] | extra: [3, 4, 5] | no-ans: [2]
   • [Renal & Electrolytes] 05-Acid-Base-Electrolyte-Disturbances | parsed 26 | idx 0 | missing: [] | extra: [3, 4, 5] | no-ans: []
   • [Renal & Electrolytes] 06-Pyqs | parsed 54 | idx 0 | missing: [] | extra: [2, 3, 4] | no-ans: []
   • [Respiratory System] 01-Respiratory-Physiology-Spirometry | parsed 29 | idx 0 | missing: [] | extra: [2, 3, 4] | no-ans: []
   • [Respiratory System] 02-Ards | parsed 6 | idx 0 | missing: [] | extra: [2, 3, 4] | no-ans: [1]
   • [Respiratory System] 03-Pleural-Effusion-Pulmonary-Embolism-Pah | parsed 17 | idx 0 | missing: [] | extra: [2, 3, 4] | no-ans: [1]
   • [Respiratory System] 04-Chest-Infections | parsed 19 | idx 0 | missing: [] | extra: [2, 3, 4] | no-ans: [2]
   • [Respiratory System] 05-Asthma-Copd | parsed 22 | idx 0 | missing: [] | extra: [3, 4, 5] | no-ans: [1]
   • [Respiratory System] 06-Ild | parsed 11 | idx 0 | missing: [] | extra: [2, 3, 4] | no-ans: []
   • [Respiratory System] 07-Carcinoma-Lung | parsed 8 | idx 0 | missing: [] | extra: [2, 3, 4] | no-ans: []
   • [Respiratory System] 08-Pyqs | parsed 60 | idx 0 | missing: [] | extra: [2, 3, 4] | no-ans: []
   • [Rheumatology] 01-Connective-Tissue-Diseases | parsed 17 | idx 0 | missing: [] | extra: [2, 3, 4] | no-ans: [2]
   • [Rheumatology] 02-Arthritis | parsed 27 | idx 0 | missing: [] | extra: [3, 4, 5] | no-ans: [2]
   • [Rheumatology] 03-Vasculitis | parsed 9 | idx 0 | missing: [] | extra: [3, 4, 5] | no-ans: [1]
   • [Rheumatology] 04-Myopathy | parsed 2 | idx 0 | missing: [] | extra: [1, 2] | no-ans: [2]
   • [Rheumatology] 05-Miscellaneous | parsed 3 | idx 0 | missing: [] | extra: [3, 4, 1] | no-ans: []
   • [Rheumatology] 06-Pyqs | parsed 19 | idx 0 | missing: [] | extra: [2, 3, 4] | no-ans: []
   • [Surgery] 01-General-Surgery | parsed 38 | idx 0 | missing: [] | extra: [2, 3, 4] | no-ans: []
   • [Surgery] 02-Trauma-Burns | parsed 62 | idx 0 | missing: [] | extra: [2, 3, 4] | no-ans: []
   • [Surgery] 03-Thyroid-Parathyroid | parsed 40 | idx 0 | missing: [] | extra: [2, 3, 4] | no-ans: [1]
   • [Surgery] 04-Breast | parsed 31 | idx 0 | missing: [] | extra: [2, 3, 4] | no-ans: [1]
   • [Surgery] 05-Vascular-Surgery | parsed 25 | idx 0 | missing: [] | extra: [2, 3, 4] | no-ans: [1]
   • [Surgery] 06-Wounds-Grafts | parsed 24 | idx 0 | missing: [] | extra: [2, 3, 4] | no-ans: [1]
   • [Surgery] 07-Urology | parsed 52 | idx 0 | missing: [] | extra: [2, 3, 4] | no-ans: []
   • [Surgery] 08-Gi-Surgery | parsed 83 | idx 0 | missing: [] | extra: [2, 3, 4] | no-ans: []
   • [Surgery] 09-Hepatobiliary-Surgery | parsed 42 | idx 0 | missing: [] | extra: [2, 3, 4] | no-ans: [2]
   • [Surgery] 10-Pancreas | parsed 12 | idx 0 | missing: [] | extra: [3, 4, 5] | no-ans: [2]
   • [Surgery] 11-Hernia | parsed 13 | idx 0 | missing: [] | extra: [3, 4, 5] | no-ans: []
   • [Surgery] 12-Transplant-Surgery | parsed 0 | idx 192 | missing: [1, 2, 3, 4, 5] | extra: [] | no-ans: []
   • [Surgery] 13-Pyqs | parsed 211 | idx 19 | missing: [] | extra: [1, 2, 3] | no-ans: []
Part B parsed: 7108
saved research/core_btr\questions.json
